// Jest Snapshot v1, https://goo.gl/fbAQLP

exports[`createFactoryForSchema should attach schema to Factory object 1`] = `
{
  "Thing": {
    "makeMany": Any<Function>,
    "makeOne": Any<Function>,
  },
}
`;
